<html>
<body>
<pre>
<h1>µVision Build Log</h1>
<h2>Project:</h2>
C:\Users\student\Desktop\esl\lab6\ring\sample.uvproj
Project File Date:  03/29/2023

<h2>Output:</h2>
Build target 'Target 1'
linking...
Program Size: Code=1344 RO-data=240 RW-data=20 ZI-data=612  
FromELF: creating hex file...
".\sample.axf" - 0 Error(s), 0 Warning(s).
compiling led.c...
led.c(28): warning:  #111-D: statement is unreachable
        return 0;
led.c(29): warning:  #1-D: last line of file ends without a newline
  }
led.c: 2 warnings, 0 errors
"led.c" - 0 Error(s), 2 Warning(s).
s).
