<html>
<body>
<pre>
<h1>µVision Build Log</h1>
<h2>Project:</h2>
C:\Users\student\Desktop\esl\lab8\dispmsg\sample.uvproj
Project File Date:  04/12/2023

<h2>Output:</h2>
Build target 'Target 1'
compiling led.c...
lcdfn.h(76): warning:  #1-D: last line of file ends without a newline
  }
led.c(16): warning:  #1-D: last line of file ends without a newline
  }
led.c: 2 warnings, 0 errors
linking...
Program Size: Code=1572 RO-data=236 RW-data=4 ZI-data=612  
FromELF: creating hex file...
".\sample.axf" - 0 Error(s), 2 Warning(s).
</pre>
</body>
</html>
