<html>
<body>
<pre>
<h1>µVision Build Log</h1>
<h2>Project:</h2>
C:\Users\student\Desktop\esl\lab7\bcd_down_counter\sample.uvproj
Project File Date:  04/05/2023

<h2>Output:</h2>
Build target 'Target 1'
linking...
Program Size: Code=1412 RO-data=236 RW-data=52 ZI-data=612  
FromELF: creating hex file...
".\sample.axf" - 0 Error(s), 0 Warning(s).
</pre>
</body>
</html>
2 warnings, 0 errors
linking...
Program Size: Code=1412 RO-data=236 RW-data=52 ZI-data=612  
FromELF: creating hex file...
".\sample.axf" - 0 Error(s), 2 Warning(s).
compiling led.c...
led.c(38): warning:  #111-D: statement is unreachable
        return 0;
led.c(39): warning:  #1-D: last line of file ends without a newline
  }
led.c: 2 warnings, 0 errors
"led.c" - 0 Error(s), 2 Warning(s).
