<html>
<body>
<pre>
<h1>µVision Build Log</h1>
<h2>Project:</h2>
C:\Users\student\Desktop\esl\lab6\updown\sample.uvproj
Project File Date:  03/29/2023

<h2>Output:</h2>
Build target 'Target 1'
linking...
Program Size: Code=1380 RO-data=236 RW-data=16 ZI-data=608  
FromELF: creating hex file...
".\sample.axf" - 0 Error(s), 0 Warning(s).
compiling led.c...
"led.c" - 0 Error(s), 0 Warning(s).
s comparison of unsigned integer with zero
                        for(LED=255;LED>=0;LED--)
led.c: 1 warning, 0 errors
"led.c" - 0 Error(s), 1 Warning(s).
(s), 1 Warning(s).
