<html>
<body>
<pre>
<h1>µVision Build Log</h1>
<h2>Project:</h2>
C:\Users\student\Desktop\esl\lab9\burst\sample.uvproj
Project File Date:  04/12/2023

<h2>Output:</h2>
Build target 'Target 1'
linking...
Program Size: Code=4460 RO-data=236 RW-data=64 ZI-data=608  
FromELF: creating hex file...
".\sample.axf" - 0 Error(s), 0 Warning(s).
</pre>
</body>
</html>
PC_PINCON->PINSEL3=(0xF)<<28; //P1.31 as AD0.5
led.c(36): warning:  #68-D: integer conversion resulted in a change of sign
        LPC_PINCON->PINSEL3=(0xF)<<28; //P1.31 as AD0.5
led.c(46): warning:  #1-D: last line of file ends without a newline
  }
led.c: 4 warnings, 0 errors
linking...
Program Size: Code=4460 RO-data=236 RW-data=64 ZI-data=608  
FromELF: creating hex file...
".\sample.axf" - 0 Error(s), 4 Warning(s).
