<html>
<body>
<pre>
<h1>µVision Build Log</h1>
<h2>Project:</h2>
C:\Users\student\Desktop\esl\lab11\inten\sample.uvproj
Project File Date:  04/12/2023

<h2>Output:</h2>
Build target 'Target 1'
linking...
Program Size: Code=1452 RO-data=276 RW-data=4 ZI-data=612  
FromELF: creating hex file...
".\sample.axf" - 0 Error(s), 0 Warning(s).
</pre>
</body>
</html>
ata=4 ZI-data=612  
FromELF: creating hex file...
".\sample.axf" - 0 Error(s), 1 Warning(s).
compiling led.c...
led.c(45): warning:  #1-D: last line of file ends without a newline
  }
led.c: 1 warning, 0 errors
"led.c" - 0 Error(s), 1 Warning(s).
