ARM Linker, 5.03 [Build 76] [MDK-ARM Lite]

==============================================================================

Section Cross References

    startup_lpc17xx.o(STACK) refers (Special) to heapauxi.o(.text) for __use_two_region_memory
    startup_lpc17xx.o(HEAP) refers (Special) to heapauxi.o(.text) for __use_two_region_memory
    startup_lpc17xx.o(RESET) refers (Special) to heapauxi.o(.text) for __use_two_region_memory
    startup_lpc17xx.o(RESET) refers to startup_lpc17xx.o(STACK) for __initial_sp
    startup_lpc17xx.o(RESET) refers to startup_lpc17xx.o(.text) for Reset_Handler
    startup_lpc17xx.o(.ARM.__at_0x02FC) refers (Special) to heapauxi.o(.text) for __use_two_region_memory
    startup_lpc17xx.o(.text) refers (Special) to heapauxi.o(.text) for __use_two_region_memory
    startup_lpc17xx.o(.text) refers to system_lpc17xx.o(.text) for SystemInit
    startup_lpc17xx.o(.text) refers to __main.o(!!!main) for __main
    startup_lpc17xx.o(.text) refers to startup_lpc17xx.o(HEAP) for Heap_Mem
    startup_lpc17xx.o(.text) refers to startup_lpc17xx.o(STACK) for Stack_Mem
    system_lpc17xx.o(.text) refers to lludivv7m.o(.text) for __aeabi_uldivmod
    system_lpc17xx.o(.text) refers to system_lpc17xx.o(.data) for SystemCoreClock
    led.o(.text) refers to _printf_pad.o(.text) for _printf_pre_padding
    led.o(.text) refers to _printf_percent.o(.ARM.Collect$$_printf_percent$$00000000) for _printf_percent
    led.o(.text) refers to _printf_f.o(.ARM.Collect$$_printf_percent$$00000003) for _printf_f
    led.o(.text) refers to printf1.o(x$fpl$printf1) for _printf_fp_dec
    led.o(.text) refers to _printf_x.o(.ARM.Collect$$_printf_percent$$0000000C) for _printf_x
    led.o(.text) refers to _printf_hex_int.o(.text) for _printf_longlong_hex
    led.o(.text) refers to system_lpc17xx.o(.text) for SystemInit
    led.o(.text) refers to fflt_clz.o(x$fpl$ffltu) for __aeabi_ui2f
    led.o(.text) refers to fmul.o(x$fpl$fmul) for __aeabi_fmul
    led.o(.text) refers to fdiv.o(x$fpl$fdiv) for __aeabi_fdiv
    led.o(.text) refers to f2d.o(x$fpl$f2d) for __aeabi_f2d
    led.o(.text) refers to noretval__2sprintf.o(.text) for __2sprintf
    __2sprintf.o(.text) refers to _printf_char_common.o(.text) for _printf_char_common
    __2sprintf.o(.text) refers to _sputc.o(.text) for _sputc
    noretval__2sprintf.o(.text) refers to _printf_char_common.o(.text) for _printf_char_common
    noretval__2sprintf.o(.text) refers to _sputc.o(.text) for _sputc
    __printf.o(.text) refers to _printf_percent.o(.ARM.Collect$$_printf_percent$$00000000) for _printf_percent
    _printf_hex_ll.o(.text) refers to _printf_intcommon.o(.text) for _printf_int_common
    _printf_hex_ll.o(.text) refers to _printf_hex_ll.o(.constdata) for .constdata
    _printf_hex_int.o(.text) refers to _printf_intcommon.o(.text) for _printf_int_common
    _printf_hex_int.o(.text) refers to _printf_hex_int.o(.constdata) for .constdata
    _printf_hex_int_ll.o(.text) refers to _printf_intcommon.o(.text) for _printf_int_common
    _printf_hex_int_ll.o(.text) refers to _printf_hex_int_ll.o(.constdata) for .constdata
    _printf_hex_ptr.o(.text) refers to _printf_intcommon.o(.text) for _printf_int_common
    _printf_hex_ptr.o(.text) refers to _printf_hex_ptr.o(.constdata) for .constdata
    _printf_hex_int_ptr.o(.text) refers to _printf_intcommon.o(.text) for _printf_int_common
    _printf_hex_int_ptr.o(.text) refers to _printf_hex_int_ptr.o(.constdata) for .constdata
    _printf_hex_ll_ptr.o(.text) refers to _printf_intcommon.o(.text) for _printf_int_common
    _printf_hex_ll_ptr.o(.text) refers to _printf_hex_ll_ptr.o(.constdata) for .constdata
    _printf_hex_int_ll_ptr.o(.text) refers to _printf_intcommon.o(.text) for _printf_int_common
    _printf_hex_int_ll_ptr.o(.text) refers to _printf_hex_int_ll_ptr.o(.constdata) for .constdata
    __printf_flags.o(.text) refers to _printf_percent.o(.ARM.Collect$$_printf_percent$$00000000) for _printf_percent
    __printf_flags.o(.text) refers to __printf_flags.o(.constdata) for .constdata
    __printf_ss.o(.text) refers to _printf_percent.o(.ARM.Collect$$_printf_percent$$00000000) for _printf_percent
    __printf_flags_ss.o(.text) refers to _printf_percent.o(.ARM.Collect$$_printf_percent$$00000000) for _printf_percent
    __printf_flags_ss.o(.text) refers to __printf_flags_ss.o(.constdata) for .constdata
    __printf_wp.o(.text) refers to __printf_wp.o(i._is_digit) for _is_digit
    __printf_wp.o(.text) refers to _printf_percent.o(.ARM.Collect$$_printf_percent$$00000000) for _printf_percent
    __printf_flags_wp.o(.text) refers to __printf_wp.o(i._is_digit) for _is_digit
    __printf_flags_wp.o(.text) refers to _printf_percent.o(.ARM.Collect$$_printf_percent$$00000000) for _printf_percent
    __printf_flags_wp.o(.text) refers to __printf_flags_wp.o(.constdata) for .constdata
    __printf_ss_wp.o(.text) refers to __printf_wp.o(i._is_digit) for _is_digit
    __printf_ss_wp.o(.text) refers to _printf_percent.o(.ARM.Collect$$_printf_percent$$00000000) for _printf_percent
    __printf_flags_ss_wp.o(.text) refers to __printf_wp.o(i._is_digit) for _is_digit
    __printf_flags_ss_wp.o(.text) refers to _printf_percent.o(.ARM.Collect$$_printf_percent$$00000000) for _printf_percent
    __printf_flags_ss_wp.o(.text) refers to __printf_flags_ss_wp.o(.constdata) for .constdata
    _printf_x.o(.ARM.Collect$$_printf_percent$$0000000C) refers (Weak) to _printf_hex_int.o(.text) for _printf_int_hex
    _printf_f.o(.ARM.Collect$$_printf_percent$$00000003) refers (Weak) to printf1.o(x$fpl$printf1) for _printf_fp_dec
    _printf_percent.o(.ARM.Collect$$_printf_percent$$00000000) refers (Special) to _printf_percent_end.o(.ARM.Collect$$_printf_percent$$00000017) for _printf_percent_end
    __main.o(!!!main) refers to rtentry.o(.ARM.Collect$$rtentry$$00000000) for __rt_entry
    f2d.o(x$fpl$f2d) refers (Special) to usenofp.o(x$fpl$usenofp) for __I$use$fp
    f2d.o(x$fpl$f2d) refers to fnaninf.o(x$fpl$fnaninf) for __fpl_fnaninf
    f2d.o(x$fpl$f2d) refers to dretinf.o(x$fpl$dretinf) for __fpl_dretinf
    fdiv.o(x$fpl$frdiv) refers (Special) to usenofp.o(x$fpl$usenofp) for __I$use$fp
    fdiv.o(x$fpl$frdiv) refers to fdiv.o(x$fpl$fdiv) for _fdiv1
    fdiv.o(x$fpl$fdiv) refers (Special) to usenofp.o(x$fpl$usenofp) for __I$use$fp
    fdiv.o(x$fpl$fdiv) refers to fretinf.o(x$fpl$fretinf) for __fpl_fretinf
    fdiv.o(x$fpl$fdiv) refers to fnaninf.o(x$fpl$fnaninf) for __fpl_fnaninf
    fflt_clz.o(x$fpl$ffltu) refers (Special) to usenofp.o(x$fpl$usenofp) for __I$use$fp
    fflt_clz.o(x$fpl$fflt) refers (Special) to usenofp.o(x$fpl$usenofp) for __I$use$fp
    fflt_clz.o(x$fpl$ffltn) refers (Special) to usenofp.o(x$fpl$usenofp) for __I$use$fp
    fmul.o(x$fpl$fmul) refers (Special) to usenofp.o(x$fpl$usenofp) for __I$use$fp
    fmul.o(x$fpl$fmul) refers to fretinf.o(x$fpl$fretinf) for __fpl_fretinf
    fmul.o(x$fpl$fmul) refers to fnaninf.o(x$fpl$fnaninf) for __fpl_fnaninf
    printf1.o(x$fpl$printf1) refers to _printf_fp_dec.o(.text) for _printf_fp_dec_real
    rtentry.o(.ARM.Collect$$rtentry$$00000000) refers (Special) to rtentry2.o(.ARM.Collect$$rtentry$$0000000A) for __rt_entry_li
    rtentry.o(.ARM.Collect$$rtentry$$00000000) refers (Special) to rtentry2.o(.ARM.Collect$$rtentry$$0000000D) for __rt_entry_main
    rtentry.o(.ARM.Collect$$rtentry$$00000000) refers (Special) to rtentry2.o(.ARM.Collect$$rtentry$$0000000C) for __rt_entry_postli_1
    rtentry.o(.ARM.Collect$$rtentry$$00000000) refers (Special) to rtentry2.o(.ARM.Collect$$rtentry$$00000009) for __rt_entry_postsh_1
    rtentry.o(.ARM.Collect$$rtentry$$00000000) refers (Special) to rtentry2.o(.ARM.Collect$$rtentry$$00000002) for __rt_entry_presh_1
    rtentry.o(.ARM.Collect$$rtentry$$00000000) refers (Special) to rtentry4.o(.ARM.Collect$$rtentry$$00000004) for __rt_entry_sh
    aeabi_ldiv0_sigfpe.o(.text) refers to rt_div0.o(.text) for __rt_div0
    _printf_intcommon.o(.text) refers (Weak) to _printf_pad.o(.text) for _printf_pre_padding
    _printf_intcommon.o(.text) refers (Weak) to _printf_pad.o(.text) for _printf_pre_padding
    _printf_intcommon.o(.text) refers (Weak) to _printf_pad.o(.text) for _printf_post_padding
    _printf_fp_dec.o(.text) refers (Special) to usenofp.o(x$fpl$usenofp) for __I$use$fp
    _printf_fp_dec.o(.text) refers (Special) to lc_numeric_c.o(locale$$code) for _get_lc_numeric
    _printf_fp_dec.o(.text) refers to bigflt0.o(.text) for _btod_etento
    _printf_fp_dec.o(.text) refers to btod.o(CL$$btod_d2e) for _btod_d2e
    _printf_fp_dec.o(.text) refers to btod.o(CL$$btod_ediv) for _btod_ediv
    _printf_fp_dec.o(.text) refers to btod.o(CL$$btod_emul) for _btod_emul
    _printf_fp_dec.o(.text) refers to lludiv10.o(.text) for _ll_udiv10
    _printf_fp_dec.o(.text) refers to fpclassify.o(i.__ARM_fpclassify) for __ARM_fpclassify
    _printf_fp_dec.o(.text) refers to _printf_fp_infnan.o(.text) for _printf_fp_infnan
    _printf_fp_dec.o(.text) refers (Weak) to _printf_pad.o(.text) for _printf_pre_padding
    _printf_fp_dec.o(.text) refers (Weak) to _printf_pad.o(.text) for _printf_pre_padding
    _printf_fp_dec.o(.text) refers to rt_locale_intlibspace.o(.text) for __rt_locale
    _printf_fp_dec.o(.text) refers (Weak) to _printf_pad.o(.text) for _printf_post_padding
    _printf_char_common.o(.text) refers to __printf_wp.o(.text) for __printf
    dretinf.o(x$fpl$dretinf) refers (Special) to usenofp.o(x$fpl$usenofp) for __I$use$fp
    fnaninf.o(x$fpl$fnaninf) refers (Special) to usenofp.o(x$fpl$usenofp) for __I$use$fp
    fretinf.o(x$fpl$fretinf) refers (Special) to usenofp.o(x$fpl$usenofp) for __I$use$fp
    rtentry2.o(.ARM.Collect$$rtentry$$00000008) refers to boardinit2.o(.text) for _platform_post_stackheap_init
    rtentry2.o(.ARM.Collect$$rtentry$$0000000A) refers to libinit.o(.ARM.Collect$$libinit$$00000000) for __rt_lib_init
    rtentry2.o(.ARM.Collect$$rtentry$$0000000B) refers to boardinit3.o(.text) for _platform_post_lib_init
    rtentry2.o(.ARM.Collect$$rtentry$$0000000D) refers to led.o(.text) for main
    rtentry2.o(.ARM.Collect$$rtentry$$0000000D) refers to exit.o(.text) for exit
    rtentry2.o(.ARM.exidx) refers to rtentry2.o(.ARM.Collect$$rtentry$$00000001) for .ARM.Collect$$rtentry$$00000001
    rtentry2.o(.ARM.exidx) refers to rtentry2.o(.ARM.Collect$$rtentry$$00000008) for .ARM.Collect$$rtentry$$00000008
    rtentry2.o(.ARM.exidx) refers to rtentry2.o(.ARM.Collect$$rtentry$$0000000A) for .ARM.Collect$$rtentry$$0000000A
    rtentry2.o(.ARM.exidx) refers to rtentry2.o(.ARM.Collect$$rtentry$$0000000B) for .ARM.Collect$$rtentry$$0000000B
    rtentry2.o(.ARM.exidx) refers to rtentry2.o(.ARM.Collect$$rtentry$$0000000D) for .ARM.Collect$$rtentry$$0000000D
    rtentry4.o(.ARM.Collect$$rtentry$$00000004) refers to sys_stackheap_outer.o(.text) for __user_setup_stackheap
    rtentry4.o(.ARM.exidx) refers to rtentry4.o(.ARM.Collect$$rtentry$$00000004) for .ARM.Collect$$rtentry$$00000004
    rt_div0.o(.text) refers to defsig_fpe_outer.o(.text) for __rt_SIGFPE
    rt_locale.o(.text) refers to rt_locale.o(.bss) for __rt_locale_data
    rt_locale_intlibspace.o(.text) refers to libspace.o(.bss) for __libspace_start
    _printf_fp_infnan.o(.text) refers (Weak) to _printf_pad.o(.text) for _printf_pre_padding
    _printf_fp_infnan.o(.text) refers (Weak) to _printf_pad.o(.text) for _printf_post_padding
    bigflt0.o(.text) refers (Special) to usenofp.o(x$fpl$usenofp) for __I$use$fp
    bigflt0.o(.text) refers to btod.o(CL$$btod_emul) for _btod_emul
    bigflt0.o(.text) refers to btod.o(CL$$btod_ediv) for _btod_ediv
    bigflt0.o(.text) refers to bigflt0.o(.constdata) for .constdata
    bigflt0.o(.constdata) refers (Special) to usenofp.o(x$fpl$usenofp) for __I$use$fp
    btod.o(CL$$btod_d2e) refers (Special) to usenofp.o(x$fpl$usenofp) for __I$use$fp
    btod.o(CL$$btod_d2e) refers to btod.o(CL$$btod_d2e_norm_op1) for _d2e_norm_op1
    btod.o(CL$$btod_d2e_norm_op1) refers (Special) to usenofp.o(x$fpl$usenofp) for __I$use$fp
    btod.o(CL$$btod_d2e_norm_op1) refers to btod.o(CL$$btod_d2e_denorm_low) for _d2e_denorm_low
    btod.o(CL$$btod_d2e_denorm_low) refers (Special) to usenofp.o(x$fpl$usenofp) for __I$use$fp
    btod.o(CL$$btod_emul) refers (Special) to usenofp.o(x$fpl$usenofp) for __I$use$fp
    btod.o(CL$$btod_emul) refers to btod.o(CL$$btod_mult_common) for __btod_mult_common
    btod.o(CL$$btod_emul) refers to btod.o(CL$$btod_e2e) for _e2e
    btod.o(CL$$btod_ediv) refers (Special) to usenofp.o(x$fpl$usenofp) for __I$use$fp
    btod.o(CL$$btod_ediv) refers to btod.o(CL$$btod_div_common) for __btod_div_common
    btod.o(CL$$btod_ediv) refers to btod.o(CL$$btod_e2e) for _e2e
    btod.o(CL$$btod_emuld) refers (Special) to usenofp.o(x$fpl$usenofp) for __I$use$fp
    btod.o(CL$$btod_emuld) refers to btod.o(CL$$btod_mult_common) for __btod_mult_common
    btod.o(CL$$btod_emuld) refers to btod.o(CL$$btod_e2d) for _e2d
    btod.o(CL$$btod_edivd) refers (Special) to usenofp.o(x$fpl$usenofp) for __I$use$fp
    btod.o(CL$$btod_edivd) refers to btod.o(CL$$btod_div_common) for __btod_div_common
    btod.o(CL$$btod_edivd) refers to btod.o(CL$$btod_e2d) for _e2d
    btod.o(CL$$btod_e2e) refers (Special) to usenofp.o(x$fpl$usenofp) for __I$use$fp
    btod.o(CL$$btod_e2d) refers (Special) to usenofp.o(x$fpl$usenofp) for __I$use$fp
    btod.o(CL$$btod_e2d) refers to btod.o(CL$$btod_e2e) for _e2e
    btod.o(CL$$btod_mult_common) refers (Special) to usenofp.o(x$fpl$usenofp) for __I$use$fp
    btod.o(CL$$btod_div_common) refers (Special) to usenofp.o(x$fpl$usenofp) for __I$use$fp
    lc_numeric_c.o(locale$$data) refers (Special) to libinit2.o(.ARM.Collect$$libinit$$00000014) for __rt_lib_init_lc_numeric_2
    lc_numeric_c.o(locale$$code) refers (Special) to libinit2.o(.ARM.Collect$$libinit$$00000014) for __rt_lib_init_lc_numeric_2
    lc_numeric_c.o(locale$$code) refers to strcmpv7m.o(.text) for strcmp
    lc_numeric_c.o(locale$$code) refers to lc_numeric_c.o(locale$$data) for __lcnum_c_name
    istatus.o(x$fpl$ieeestatus) refers (Special) to usenofp.o(x$fpl$usenofp) for __I$use$fp
    fpclassify.o(i.__ARM_fpclassify) refers (Special) to usenofp.o(x$fpl$usenofp) for __I$use$fp
    libspace.o(.text) refers to libspace.o(.bss) for __libspace_start
    sys_stackheap_outer.o(.text) refers to libspace.o(.text) for __user_perproc_libspace
    sys_stackheap_outer.o(.text) refers to startup_lpc17xx.o(.text) for __user_initial_stackheap
    exit.o(.text) refers to rtexit.o(.ARM.Collect$$rtexit$$00000000) for __rt_exit
    defsig_fpe_outer.o(.text) refers to defsig_fpe_inner.o(.text) for __rt_SIGFPE_inner
    defsig_fpe_outer.o(.text) refers to defsig_exit.o(.text) for __sig_exit
    defsig_fpe_formal.o(.text) refers to rt_raise.o(.text) for __rt_raise
    libinit.o(.ARM.Collect$$libinit$$00000000) refers (Special) to libinit2.o(.ARM.Collect$$libinit$$0000002C) for __rt_lib_init_alloca_1
    libinit.o(.ARM.Collect$$libinit$$00000000) refers (Special) to libinit2.o(.ARM.Collect$$libinit$$0000002A) for __rt_lib_init_argv_1
    libinit.o(.ARM.Collect$$libinit$$00000000) refers (Special) to libinit2.o(.ARM.Collect$$libinit$$00000019) for __rt_lib_init_atexit_1
    libinit.o(.ARM.Collect$$libinit$$00000000) refers (Special) to libinit2.o(.ARM.Collect$$libinit$$0000001F) for __rt_lib_init_clock_1
    libinit.o(.ARM.Collect$$libinit$$00000000) refers (Special) to libinit2.o(.ARM.Collect$$libinit$$00000030) for __rt_lib_init_cpp_1
    libinit.o(.ARM.Collect$$libinit$$00000000) refers (Special) to libinit2.o(.ARM.Collect$$libinit$$0000002E) for __rt_lib_init_exceptions_1
    libinit.o(.ARM.Collect$$libinit$$00000000) refers (Special) to libinit2.o(.ARM.Collect$$libinit$$00000002) for __rt_lib_init_fp_1
    libinit.o(.ARM.Collect$$libinit$$00000000) refers (Special) to libinit2.o(.ARM.Collect$$libinit$$0000001D) for __rt_lib_init_fp_trap_1
    libinit.o(.ARM.Collect$$libinit$$00000000) refers (Special) to libinit2.o(.ARM.Collect$$libinit$$00000021) for __rt_lib_init_getenv_1
    libinit.o(.ARM.Collect$$libinit$$00000000) refers (Special) to libinit2.o(.ARM.Collect$$libinit$$00000008) for __rt_lib_init_heap_1
    libinit.o(.ARM.Collect$$libinit$$00000000) refers (Special) to libinit2.o(.ARM.Collect$$libinit$$0000000F) for __rt_lib_init_lc_collate_1
    libinit.o(.ARM.Collect$$libinit$$00000000) refers (Special) to libinit2.o(.ARM.Collect$$libinit$$00000011) for __rt_lib_init_lc_ctype_1
    libinit.o(.ARM.Collect$$libinit$$00000000) refers (Special) to libinit2.o(.ARM.Collect$$libinit$$00000013) for __rt_lib_init_lc_monetary_1
    libinit.o(.ARM.Collect$$libinit$$00000000) refers (Special) to libinit2.o(.ARM.Collect$$libinit$$00000015) for __rt_lib_init_lc_numeric_1
    libinit.o(.ARM.Collect$$libinit$$00000000) refers (Special) to libinit2.o(.ARM.Collect$$libinit$$00000017) for __rt_lib_init_lc_time_1
    libinit.o(.ARM.Collect$$libinit$$00000000) refers (Special) to libinit2.o(.ARM.Collect$$libinit$$0000000C) for __rt_lib_init_rand_1
    libinit.o(.ARM.Collect$$libinit$$00000000) refers (Special) to libinit2.o(.ARM.Collect$$libinit$$00000031) for __rt_lib_init_return
    libinit.o(.ARM.Collect$$libinit$$00000000) refers (Special) to libinit2.o(.ARM.Collect$$libinit$$0000001B) for __rt_lib_init_signal_1
    libinit.o(.ARM.Collect$$libinit$$00000000) refers (Special) to libinit2.o(.ARM.Collect$$libinit$$00000023) for __rt_lib_init_stdio_1
    libinit.o(.ARM.Collect$$libinit$$00000000) refers (Special) to libinit2.o(.ARM.Collect$$libinit$$0000000A) for __rt_lib_init_user_alloc_1
    libinit2.o(.ARM.Collect$$libinit$$0000000D) refers (Weak) to rt_locale_intlibspace.o(.text) for __rt_locale
    libinit2.o(.ARM.Collect$$libinit$$0000000E) refers to libinit2.o(.ARM.Collect$$libinit$$0000000D) for .ARM.Collect$$libinit$$0000000D
    libinit2.o(.ARM.Collect$$libinit$$00000010) refers to libinit2.o(.ARM.Collect$$libinit$$0000000D) for .ARM.Collect$$libinit$$0000000D
    libinit2.o(.ARM.Collect$$libinit$$00000012) refers to libinit2.o(.ARM.Collect$$libinit$$0000000D) for .ARM.Collect$$libinit$$0000000D
    libinit2.o(.ARM.Collect$$libinit$$00000014) refers to libinit2.o(.ARM.Collect$$libinit$$0000000D) for .ARM.Collect$$libinit$$0000000D
    libinit2.o(.ARM.Collect$$libinit$$00000014) refers (Weak) to lc_numeric_c.o(locale$$code) for _get_lc_numeric
    libinit2.o(.ARM.Collect$$libinit$$00000016) refers to libinit2.o(.ARM.Collect$$libinit$$0000000D) for .ARM.Collect$$libinit$$0000000D
    libinit2.o(.ARM.Collect$$libinit$$00000024) refers to argv_veneer.o(.emb_text) for __ARM_argv_veneer
    libinit2.o(.ARM.Collect$$libinit$$00000025) refers to argv_veneer.o(.emb_text) for __ARM_argv_veneer
    rtexit.o(.ARM.Collect$$rtexit$$00000000) refers (Special) to rtexit2.o(.ARM.Collect$$rtexit$$00000004) for __rt_exit_exit
    rtexit.o(.ARM.Collect$$rtexit$$00000000) refers (Special) to rtexit2.o(.ARM.Collect$$rtexit$$00000003) for __rt_exit_ls
    rtexit.o(.ARM.Collect$$rtexit$$00000000) refers (Special) to rtexit2.o(.ARM.Collect$$rtexit$$00000002) for __rt_exit_prels_1
    rtexit.o(.ARM.exidx) refers (Special) to rtexit2.o(.ARM.Collect$$rtexit$$00000004) for __rt_exit_exit
    rtexit.o(.ARM.exidx) refers (Special) to rtexit2.o(.ARM.Collect$$rtexit$$00000003) for __rt_exit_ls
    rtexit.o(.ARM.exidx) refers (Special) to rtexit2.o(.ARM.Collect$$rtexit$$00000002) for __rt_exit_prels_1
    rtexit.o(.ARM.exidx) refers to rtexit.o(.ARM.Collect$$rtexit$$00000000) for .ARM.Collect$$rtexit$$00000000
    rt_raise.o(.text) refers to __raise.o(.text) for __raise
    rt_raise.o(.text) refers to sys_exit.o(.text) for _sys_exit
    defsig_exit.o(.text) refers to sys_exit.o(.text) for _sys_exit
    defsig_fpe_inner.o(.text) refers to defsig_general.o(.text) for __default_signal_display
    argv_veneer.o(.emb_text) refers to no_argv.o(.text) for __ARM_get_argv
    sys_exit.o(.text) refers (Special) to use_no_semi.o(.text) for __I$use$semihosting
    sys_exit.o(.text) refers (Special) to indicate_semi.o(.text) for __semihosting_library_function
    rtexit2.o(.ARM.Collect$$rtexit$$00000003) refers to libshutdown.o(.ARM.Collect$$libshutdown$$00000000) for __rt_lib_shutdown
    rtexit2.o(.ARM.Collect$$rtexit$$00000004) refers to sys_exit.o(.text) for _sys_exit
    rtexit2.o(.ARM.exidx) refers to rtexit2.o(.ARM.Collect$$rtexit$$00000001) for .ARM.Collect$$rtexit$$00000001
    rtexit2.o(.ARM.exidx) refers to rtexit2.o(.ARM.Collect$$rtexit$$00000003) for .ARM.Collect$$rtexit$$00000003
    rtexit2.o(.ARM.exidx) refers to rtexit2.o(.ARM.Collect$$rtexit$$00000004) for .ARM.Collect$$rtexit$$00000004
    __raise.o(.text) refers to defsig.o(CL$$defsig) for __default_signal_handler
    defsig_general.o(.text) refers to sys_wrch.o(.text) for _ttywrch
    _get_argv_nomalloc.o(.text) refers (Special) to hrguard.o(.text) for __heap_region$guard
    _get_argv_nomalloc.o(.text) refers to defsig_rtmem_outer.o(.text) for __rt_SIGRTMEM
    _get_argv_nomalloc.o(.text) refers to sys_command.o(.text) for _sys_command_string
    sys_wrch.o(.text) refers (Special) to use_no_semi.o(.text) for __I$use$semihosting
    sys_wrch.o(.text) refers (Special) to indicate_semi.o(.text) for __semihosting_library_function
    sys_command.o(.text) refers (Special) to use_no_semi.o(.text) for __I$use$semihosting
    sys_command.o(.text) refers (Special) to indicate_semi.o(.text) for __semihosting_library_function
    defsig_rtmem_outer.o(.text) refers to defsig_rtmem_inner.o(.text) for __rt_SIGRTMEM_inner
    defsig_rtmem_outer.o(.text) refers to defsig_exit.o(.text) for __sig_exit
    defsig_rtmem_formal.o(.text) refers to rt_raise.o(.text) for __rt_raise
    defsig.o(CL$$defsig) refers to defsig_fpe_inner.o(.text) for __rt_SIGFPE_inner
    defsig.o(CL$$defsig) refers to defsig_rtmem_inner.o(.text) for __rt_SIGRTMEM_inner
    libshutdown.o(.ARM.Collect$$libshutdown$$00000000) refers (Special) to libshutdown2.o(.ARM.Collect$$libshutdown$$00000006) for __rt_lib_shutdown_fp_trap_1
    libshutdown.o(.ARM.Collect$$libshutdown$$00000000) refers (Special) to libshutdown2.o(.ARM.Collect$$libshutdown$$0000000E) for __rt_lib_shutdown_heap_1
    libshutdown.o(.ARM.Collect$$libshutdown$$00000000) refers (Special) to libshutdown2.o(.ARM.Collect$$libshutdown$$0000000F) for __rt_lib_shutdown_return
    libshutdown.o(.ARM.Collect$$libshutdown$$00000000) refers (Special) to libshutdown2.o(.ARM.Collect$$libshutdown$$00000009) for __rt_lib_shutdown_signal_1
    libshutdown.o(.ARM.Collect$$libshutdown$$00000000) refers (Special) to libshutdown2.o(.ARM.Collect$$libshutdown$$00000003) for __rt_lib_shutdown_stdio_1
    libshutdown.o(.ARM.Collect$$libshutdown$$00000000) refers (Special) to libshutdown2.o(.ARM.Collect$$libshutdown$$0000000B) for __rt_lib_shutdown_user_alloc_1
    defsig_abrt_inner.o(.text) refers to defsig_general.o(.text) for __default_signal_display
    defsig_rtred_inner.o(.text) refers to defsig_general.o(.text) for __default_signal_display
    defsig_rtmem_inner.o(.text) refers to defsig_general.o(.text) for __default_signal_display
    defsig_stak_inner.o(.text) refers to defsig_general.o(.text) for __default_signal_display
    defsig_pvfn_inner.o(.text) refers to defsig_general.o(.text) for __default_signal_display
    defsig_cppl_inner.o(.text) refers to defsig_general.o(.text) for __default_signal_display
    defsig_segv_inner.o(.text) refers to defsig_general.o(.text) for __default_signal_display
    defsig_other.o(.text) refers to defsig_general.o(.text) for __default_signal_display


==============================================================================

Removing Unused input sections from the image.

    Removing system_lpc17xx.o(.rev16_text), (4 bytes).
    Removing system_lpc17xx.o(.revsh_text), (4 bytes).
    Removing led.o(.rev16_text), (4 bytes).
    Removing led.o(.revsh_text), (4 bytes).

4 unused section(s) (total 16 bytes) removed from the image.

==============================================================================

Image Symbol Table

    Local Symbols

    Symbol Name                              Value     Ov Type        Size  Object(Section)

    RESET                                    0x00000000   Section      204  startup_lpc17xx.o(RESET)
    ../clib/angel/boardlib.s                 0x00000000   Number         0  boardinit3.o ABSOLUTE
    ../clib/angel/boardlib.s                 0x00000000   Number         0  boardshut.o ABSOLUTE
    ../clib/angel/boardlib.s                 0x00000000   Number         0  boardinit1.o ABSOLUTE
    ../clib/angel/boardlib.s                 0x00000000   Number         0  boardinit2.o ABSOLUTE
    ../clib/angel/handlers.s                 0x00000000   Number         0  __scatter_copy.o ABSOLUTE
    ../clib/angel/handlers.s                 0x00000000   Number         0  __scatter_zi.o ABSOLUTE
    ../clib/angel/kernel.s                   0x00000000   Number         0  rtexit2.o ABSOLUTE
    ../clib/angel/kernel.s                   0x00000000   Number         0  rtentry4.o ABSOLUTE
    ../clib/angel/kernel.s                   0x00000000   Number         0  rtentry2.o ABSOLUTE
    ../clib/angel/kernel.s                   0x00000000   Number         0  rtentry.o ABSOLUTE
    ../clib/angel/kernel.s                   0x00000000   Number         0  rtexit.o ABSOLUTE
    ../clib/angel/rt.s                       0x00000000   Number         0  rt_raise.o ABSOLUTE
    ../clib/angel/rt.s                       0x00000000   Number         0  rt_locale.o ABSOLUTE
    ../clib/angel/rt.s                       0x00000000   Number         0  rt_div0.o ABSOLUTE
    ../clib/angel/rt.s                       0x00000000   Number         0  aeabi_ldiv0.o ABSOLUTE
    ../clib/angel/rt.s                       0x00000000   Number         0  aeabi_ldiv0_sigfpe.o ABSOLUTE
    ../clib/angel/rt.s                       0x00000000   Number         0  rt_locale_intlibspace.o ABSOLUTE
    ../clib/angel/scatter.s                  0x00000000   Number         0  __scatter.o ABSOLUTE
    ../clib/angel/startup.s                  0x00000000   Number         0  __main.o ABSOLUTE
    ../clib/angel/sys.s                      0x00000000   Number         0  sys_stackheap_outer.o ABSOLUTE
    ../clib/angel/sys.s                      0x00000000   Number         0  indicate_semi.o ABSOLUTE
    ../clib/angel/sys.s                      0x00000000   Number         0  use_no_semi.o ABSOLUTE
    ../clib/angel/sys.s                      0x00000000   Number         0  libspace.o ABSOLUTE
    ../clib/angel/sysapp.c                   0x00000000   Number         0  sys_command.o ABSOLUTE
    ../clib/angel/sysapp.c                   0x00000000   Number         0  sys_exit.o ABSOLUTE
    ../clib/angel/sysapp.c                   0x00000000   Number         0  sys_wrch.o ABSOLUTE
    ../clib/armsys.c                         0x00000000   Number         0  argv_veneer.o ABSOLUTE
    ../clib/armsys.c                         0x00000000   Number         0  argv_veneer.o ABSOLUTE
    ../clib/armsys.c                         0x00000000   Number         0  _get_argv_nomalloc.o ABSOLUTE
    ../clib/armsys.c                         0x00000000   Number         0  no_argv.o ABSOLUTE
    ../clib/bigflt.c                         0x00000000   Number         0  bigflt0.o ABSOLUTE
    ../clib/btod.s                           0x00000000   Number         0  btod.o ABSOLUTE
    ../clib/heapalloc.c                      0x00000000   Number         0  hrguard.o ABSOLUTE
    ../clib/heapaux.c                        0x00000000   Number         0  heapauxi.o ABSOLUTE
    ../clib/libinit.s                        0x00000000   Number         0  libinit2.o ABSOLUTE
    ../clib/libinit.s                        0x00000000   Number         0  libinit.o ABSOLUTE
    ../clib/libinit.s                        0x00000000   Number         0  libshutdown2.o ABSOLUTE
    ../clib/libinit.s                        0x00000000   Number         0  libshutdown.o ABSOLUTE
    ../clib/locale.s                         0x00000000   Number         0  lc_numeric_c.o ABSOLUTE
    ../clib/longlong.s                       0x00000000   Number         0  lludivv7m.o ABSOLUTE
    ../clib/longlong.s                       0x00000000   Number         0  lludiv10.o ABSOLUTE
    ../clib/memcpset.s                       0x00000000   Number         0  strcmpv7m.o ABSOLUTE
    ../clib/misc.s                           0x00000000   Number         0  printf_stubs.o ABSOLUTE
    ../clib/printf.c                         0x00000000   Number         0  _printf_char_common.o ABSOLUTE
    ../clib/printf.c                         0x00000000   Number         0  _printf_fp_infnan.o ABSOLUTE
    ../clib/printf.c                         0x00000000   Number         0  __2sprintf.o ABSOLUTE
    ../clib/printf.c                         0x00000000   Number         0  noretval__2sprintf.o ABSOLUTE
    ../clib/printf.c                         0x00000000   Number         0  _sputc.o ABSOLUTE
    ../clib/printf.c                         0x00000000   Number         0  __printf.o ABSOLUTE
    ../clib/printf.c                         0x00000000   Number         0  _printf_pad.o ABSOLUTE
    ../clib/printf.c                         0x00000000   Number         0  _printf_hex_ll.o ABSOLUTE
    ../clib/printf.c                         0x00000000   Number         0  _printf_hex_int.o ABSOLUTE
    ../clib/printf.c                         0x00000000   Number         0  _printf_hex_ptr.o ABSOLUTE
    ../clib/printf.c                         0x00000000   Number         0  _printf_hex_int_ll.o ABSOLUTE
    ../clib/printf.c                         0x00000000   Number         0  _printf_hex_int_ptr.o ABSOLUTE
    ../clib/printf.c                         0x00000000   Number         0  _printf_hex_ll_ptr.o ABSOLUTE
    ../clib/printf.c                         0x00000000   Number         0  _printf_hex_int_ll_ptr.o ABSOLUTE
    ../clib/printf.c                         0x00000000   Number         0  __printf_flags.o ABSOLUTE
    ../clib/printf.c                         0x00000000   Number         0  __printf_ss.o ABSOLUTE
    ../clib/printf.c                         0x00000000   Number         0  __printf_flags_ss.o ABSOLUTE
    ../clib/printf.c                         0x00000000   Number         0  __printf_wp.o ABSOLUTE
    ../clib/printf.c                         0x00000000   Number         0  _printf_fp_dec.o ABSOLUTE
    ../clib/printf.c                         0x00000000   Number         0  __printf_flags_wp.o ABSOLUTE
    ../clib/printf.c                         0x00000000   Number         0  __printf_ss_wp.o ABSOLUTE
    ../clib/printf.c                         0x00000000   Number         0  __printf_flags_ss_wp.o ABSOLUTE
    ../clib/printf.c                         0x00000000   Number         0  __printf_nopercent.o ABSOLUTE
    ../clib/printf.c                         0x00000000   Number         0  _printf_intcommon.o ABSOLUTE
    ../clib/printf_percent.s                 0x00000000   Number         0  _printf_percent_end.o ABSOLUTE
    ../clib/printf_percent.s                 0x00000000   Number         0  _printf_f.o ABSOLUTE
    ../clib/printf_percent.s                 0x00000000   Number         0  _printf_percent.o ABSOLUTE
    ../clib/printf_percent.s                 0x00000000   Number         0  _printf_x.o ABSOLUTE
    ../clib/signal.c                         0x00000000   Number         0  defsig_general.o ABSOLUTE
    ../clib/signal.c                         0x00000000   Number         0  __raise.o ABSOLUTE
    ../clib/signal.c                         0x00000000   Number         0  defsig_rtmem_formal.o ABSOLUTE
    ../clib/signal.c                         0x00000000   Number         0  defsig_abrt_inner.o ABSOLUTE
    ../clib/signal.c                         0x00000000   Number         0  defsig_rtmem_inner.o ABSOLUTE
    ../clib/signal.c                         0x00000000   Number         0  defsig_stak_inner.o ABSOLUTE
    ../clib/signal.c                         0x00000000   Number         0  defsig_pvfn_inner.o ABSOLUTE
    ../clib/signal.c                         0x00000000   Number         0  defsig_fpe_inner.o ABSOLUTE
    ../clib/signal.c                         0x00000000   Number         0  defsig_exit.o ABSOLUTE
    ../clib/signal.c                         0x00000000   Number         0  defsig_cppl_inner.o ABSOLUTE
    ../clib/signal.c                         0x00000000   Number         0  defsig_segv_inner.o ABSOLUTE
    ../clib/signal.c                         0x00000000   Number         0  defsig_other.o ABSOLUTE
    ../clib/signal.c                         0x00000000   Number         0  defsig_fpe_outer.o ABSOLUTE
    ../clib/signal.c                         0x00000000   Number         0  defsig_fpe_formal.o ABSOLUTE
    ../clib/signal.c                         0x00000000   Number         0  defsig_rtred_inner.o ABSOLUTE
    ../clib/signal.c                         0x00000000   Number         0  defsig_rtmem_outer.o ABSOLUTE
    ../clib/signal.s                         0x00000000   Number         0  defsig.o ABSOLUTE
    ../clib/stdlib.c                         0x00000000   Number         0  exit.o ABSOLUTE
    ../fplib/dretinf.s                       0x00000000   Number         0  dretinf.o ABSOLUTE
    ../fplib/f2d.s                           0x00000000   Number         0  f2d.o ABSOLUTE
    ../fplib/fdiv.s                          0x00000000   Number         0  fdiv.o ABSOLUTE
    ../fplib/fflt.s                          0x00000000   Number         0  fflt_clz.o ABSOLUTE
    ../fplib/fmul.s                          0x00000000   Number         0  fmul.o ABSOLUTE
    ../fplib/fnaninf.s                       0x00000000   Number         0  fnaninf.o ABSOLUTE
    ../fplib/fpinit.s                        0x00000000   Number         0  fpinit.o ABSOLUTE
    ../fplib/fretinf.s                       0x00000000   Number         0  fretinf.o ABSOLUTE
    ../fplib/istatus.s                       0x00000000   Number         0  istatus.o ABSOLUTE
    ../fplib/printf1.s                       0x00000000   Number         0  printf1.o ABSOLUTE
    ../fplib/usenofp.s                       0x00000000   Number         0  usenofp.o ABSOLUTE
    ../mathlib/fpclassify.c                  0x00000000   Number         0  fpclassify.o ABSOLUTE
    C:\Keil\ARM\Startup\NXP\LPC17xx\system_LPC17xx.c 0x00000000   Number         0  system_lpc17xx.o ABSOLUTE
    C:\\Keil\\ARM\\Startup\\NXP\\LPC17xx\\system_LPC17xx.c 0x00000000   Number         0  system_lpc17xx.o ABSOLUTE
    dc.s                                     0x00000000   Number         0  dc.o ABSOLUTE
    led.c                                    0x00000000   Number         0  led.o ABSOLUTE
    led.c                                    0x00000000   Number         0  led.o ABSOLUTE
    startup_LPC17xx.s                        0x00000000   Number         0  startup_lpc17xx.o ABSOLUTE
    !!!main                                  0x000000cc   Section        8  __main.o(!!!main)
    !!!scatter                               0x000000d4   Section       52  __scatter.o(!!!scatter)
    !!handler_copy                           0x00000108   Section       26  __scatter_copy.o(!!handler_copy)
    !!handler_zi                             0x00000124   Section       28  __scatter_zi.o(!!handler_zi)
    .ARM.Collect$$_printf_percent$$00000000  0x00000140   Section        0  _printf_percent.o(.ARM.Collect$$_printf_percent$$00000000)
    .ARM.Collect$$_printf_percent$$00000003  0x00000140   Section        6  _printf_f.o(.ARM.Collect$$_printf_percent$$00000003)
    .ARM.Collect$$_printf_percent$$0000000C  0x00000146   Section        6  _printf_x.o(.ARM.Collect$$_printf_percent$$0000000C)
    .ARM.Collect$$_printf_percent$$00000017  0x0000014c   Section        4  _printf_percent_end.o(.ARM.Collect$$_printf_percent$$00000017)
    .ARM.Collect$$libinit$$00000000          0x00000150   Section        2  libinit.o(.ARM.Collect$$libinit$$00000000)
    .ARM.Collect$$libinit$$00000002          0x00000152   Section        0  libinit2.o(.ARM.Collect$$libinit$$00000002)
    .ARM.Collect$$libinit$$00000008          0x00000152   Section        0  libinit2.o(.ARM.Collect$$libinit$$00000008)
    .ARM.Collect$$libinit$$0000000A          0x00000152   Section        0  libinit2.o(.ARM.Collect$$libinit$$0000000A)
    .ARM.Collect$$libinit$$0000000C          0x00000152   Section        0  libinit2.o(.ARM.Collect$$libinit$$0000000C)
    .ARM.Collect$$libinit$$0000000D          0x00000152   Section        6  libinit2.o(.ARM.Collect$$libinit$$0000000D)
    .ARM.Collect$$libinit$$0000000F          0x00000158   Section        0  libinit2.o(.ARM.Collect$$libinit$$0000000F)
    .ARM.Collect$$libinit$$00000011          0x00000158   Section        0  libinit2.o(.ARM.Collect$$libinit$$00000011)
    .ARM.Collect$$libinit$$00000013          0x00000158   Section        0  libinit2.o(.ARM.Collect$$libinit$$00000013)
    .ARM.Collect$$libinit$$00000014          0x00000158   Section       10  libinit2.o(.ARM.Collect$$libinit$$00000014)
    .ARM.Collect$$libinit$$00000015          0x00000162   Section        0  libinit2.o(.ARM.Collect$$libinit$$00000015)
    .ARM.Collect$$libinit$$00000017          0x00000162   Section        0  libinit2.o(.ARM.Collect$$libinit$$00000017)
    .ARM.Collect$$libinit$$00000019          0x00000162   Section        0  libinit2.o(.ARM.Collect$$libinit$$00000019)
    .ARM.Collect$$libinit$$0000001B          0x00000162   Section        0  libinit2.o(.ARM.Collect$$libinit$$0000001B)
    .ARM.Collect$$libinit$$0000001D          0x00000162   Section        0  libinit2.o(.ARM.Collect$$libinit$$0000001D)
    .ARM.Collect$$libinit$$0000001F          0x00000162   Section        0  libinit2.o(.ARM.Collect$$libinit$$0000001F)
    .ARM.Collect$$libinit$$00000021          0x00000162   Section        0  libinit2.o(.ARM.Collect$$libinit$$00000021)
    .ARM.Collect$$libinit$$00000023          0x00000162   Section        0  libinit2.o(.ARM.Collect$$libinit$$00000023)
    .ARM.Collect$$libinit$$0000002A          0x00000162   Section        0  libinit2.o(.ARM.Collect$$libinit$$0000002A)
    .ARM.Collect$$libinit$$0000002C          0x00000162   Section        0  libinit2.o(.ARM.Collect$$libinit$$0000002C)
    .ARM.Collect$$libinit$$0000002E          0x00000162   Section        0  libinit2.o(.ARM.Collect$$libinit$$0000002E)
    .ARM.Collect$$libinit$$00000030          0x00000162   Section        0  libinit2.o(.ARM.Collect$$libinit$$00000030)
    .ARM.Collect$$libinit$$00000031          0x00000162   Section        2  libinit2.o(.ARM.Collect$$libinit$$00000031)
    .ARM.Collect$$libshutdown$$00000000      0x00000164   Section        2  libshutdown.o(.ARM.Collect$$libshutdown$$00000000)
    .ARM.Collect$$libshutdown$$00000003      0x00000166   Section        0  libshutdown2.o(.ARM.Collect$$libshutdown$$00000003)
    .ARM.Collect$$libshutdown$$00000006      0x00000166   Section        0  libshutdown2.o(.ARM.Collect$$libshutdown$$00000006)
    .ARM.Collect$$libshutdown$$00000009      0x00000166   Section        0  libshutdown2.o(.ARM.Collect$$libshutdown$$00000009)
    .ARM.Collect$$libshutdown$$0000000B      0x00000166   Section        0  libshutdown2.o(.ARM.Collect$$libshutdown$$0000000B)
    .ARM.Collect$$libshutdown$$0000000E      0x00000166   Section        0  libshutdown2.o(.ARM.Collect$$libshutdown$$0000000E)
    .ARM.Collect$$libshutdown$$0000000F      0x00000166   Section        2  libshutdown2.o(.ARM.Collect$$libshutdown$$0000000F)
    .ARM.Collect$$rtentry$$00000000          0x00000168   Section        0  rtentry.o(.ARM.Collect$$rtentry$$00000000)
    .ARM.Collect$$rtentry$$00000002          0x00000168   Section        0  rtentry2.o(.ARM.Collect$$rtentry$$00000002)
    .ARM.Collect$$rtentry$$00000004          0x00000168   Section        6  rtentry4.o(.ARM.Collect$$rtentry$$00000004)
    .ARM.Collect$$rtentry$$00000009          0x0000016e   Section        0  rtentry2.o(.ARM.Collect$$rtentry$$00000009)
    .ARM.Collect$$rtentry$$0000000A          0x0000016e   Section        4  rtentry2.o(.ARM.Collect$$rtentry$$0000000A)
    .ARM.Collect$$rtentry$$0000000C          0x00000172   Section        0  rtentry2.o(.ARM.Collect$$rtentry$$0000000C)
    .ARM.Collect$$rtentry$$0000000D          0x00000172   Section        8  rtentry2.o(.ARM.Collect$$rtentry$$0000000D)
    .ARM.Collect$$rtexit$$00000000           0x0000017a   Section        2  rtexit.o(.ARM.Collect$$rtexit$$00000000)
    .ARM.Collect$$rtexit$$00000002           0x0000017c   Section        0  rtexit2.o(.ARM.Collect$$rtexit$$00000002)
    .ARM.Collect$$rtexit$$00000003           0x0000017c   Section        4  rtexit2.o(.ARM.Collect$$rtexit$$00000003)
    .ARM.Collect$$rtexit$$00000004           0x00000180   Section        6  rtexit2.o(.ARM.Collect$$rtexit$$00000004)
    .text                                    0x00000188   Section       60  startup_lpc17xx.o(.text)
    .text                                    0x000001c4   Section      238  lludivv7m.o(.text)
    .text                                    0x000002b4   Section        0  noretval__2sprintf.o(.text)
    .text                                    0x000002dc   Section        0  heapauxi.o(.text)
    .text                                    0x000002e2   Section        0  _sputc.o(.text)
    .text                                    0x000002ec   Section        8  rt_locale_intlibspace.o(.text)
    .text                                    0x000002f4   Section        8  libspace.o(.text)
    .ARM.__at_0x02FC                         0x000002fc   Section        4  startup_lpc17xx.o(.ARM.__at_0x02FC)
    .text                                    0x00000300   Section        0  system_lpc17xx.o(.text)
    .text                                    0x00000540   Section        0  led.o(.text)
    .text                                    0x000007ec   Section        0  _printf_pad.o(.text)
    .text                                    0x00000840   Section        0  _printf_hex_int.o(.text)
    .text                                    0x0000089c   Section        0  __printf_wp.o(.text)
    .text                                    0x000009aa   Section        0  _printf_intcommon.o(.text)
    .text                                    0x00000a62   Section        0  _printf_fp_dec.o(.text)
    _fp_digits                               0x00000a65   Thumb Code   426  _printf_fp_dec.o(.text)
    .text                                    0x00000e84   Section        0  _printf_char_common.o(.text)
    _printf_input_char                       0x00000e85   Thumb Code    10  _printf_char_common.o(.text)
    .text                                    0x00000eb4   Section      138  lludiv10.o(.text)
    .text                                    0x00000f40   Section        0  _printf_fp_infnan.o(.text)
    .text                                    0x00000fc0   Section        0  bigflt0.o(.text)
    .text                                    0x000010a4   Section       74  sys_stackheap_outer.o(.text)
    .text                                    0x000010ee   Section        0  exit.o(.text)
    .text                                    0x000010fc   Section      128  strcmpv7m.o(.text)
    .text                                    0x0000117c   Section        0  sys_exit.o(.text)
    .text                                    0x00001188   Section        2  use_no_semi.o(.text)
    .text                                    0x0000118a   Section        0  indicate_semi.o(.text)
    CL$$btod_d2e                             0x0000118a   Section       62  btod.o(CL$$btod_d2e)
    CL$$btod_d2e_denorm_low                  0x000011c8   Section       70  btod.o(CL$$btod_d2e_denorm_low)
    CL$$btod_d2e_norm_op1                    0x0000120e   Section       96  btod.o(CL$$btod_d2e_norm_op1)
    CL$$btod_div_common                      0x0000126e   Section      824  btod.o(CL$$btod_div_common)
    CL$$btod_e2e                             0x000015a6   Section      198  btod.o(CL$$btod_e2e)
    CL$$btod_ediv                            0x0000166c   Section       40  btod.o(CL$$btod_ediv)
    CL$$btod_emul                            0x00001694   Section       40  btod.o(CL$$btod_emul)
    CL$$btod_mult_common                     0x000016bc   Section      580  btod.o(CL$$btod_mult_common)
    i.__ARM_fpclassify                       0x00001900   Section        0  fpclassify.o(i.__ARM_fpclassify)
    i._is_digit                              0x00001928   Section        0  __printf_wp.o(i._is_digit)
    locale$$code                             0x00001938   Section       44  lc_numeric_c.o(locale$$code)
    x$fpl$dretinf                            0x00001964   Section       12  dretinf.o(x$fpl$dretinf)
    x$fpl$f2d                                0x00001970   Section       86  f2d.o(x$fpl$f2d)
    x$fpl$fdiv                               0x000019c8   Section      388  fdiv.o(x$fpl$fdiv)
    _fdiv1                                   0x000019c9   Thumb Code     0  fdiv.o(x$fpl$fdiv)
    x$fpl$ffltu                              0x00001b4c   Section       38  fflt_clz.o(x$fpl$ffltu)
    x$fpl$fmul                               0x00001b74   Section      258  fmul.o(x$fpl$fmul)
    x$fpl$fnaninf                            0x00001c76   Section      140  fnaninf.o(x$fpl$fnaninf)
    x$fpl$fretinf                            0x00001d02   Section       10  fretinf.o(x$fpl$fretinf)
    x$fpl$printf1                            0x00001d0c   Section        4  printf1.o(x$fpl$printf1)
    .constdata                               0x00001d10   Section       40  _printf_hex_int.o(.constdata)
    x$fpl$usenofp                            0x00001d10   Section        0  usenofp.o(x$fpl$usenofp)
    uc_hextab                                0x00001d10   Data          20  _printf_hex_int.o(.constdata)
    lc_hextab                                0x00001d24   Data          20  _printf_hex_int.o(.constdata)
    .constdata                               0x00001d38   Section      148  bigflt0.o(.constdata)
    tenpwrs_x                                0x00001d38   Data          60  bigflt0.o(.constdata)
    tenpwrs_i                                0x00001d74   Data          64  bigflt0.o(.constdata)
    locale$$data                             0x00001dec   Section       28  lc_numeric_c.o(locale$$data)
    __lcnum_c_name                           0x00001df0   Data           2  lc_numeric_c.o(locale$$data)
    __lcnum_c_start                          0x00001df8   Data           0  lc_numeric_c.o(locale$$data)
    __lcnum_c_point                          0x00001e04   Data           0  lc_numeric_c.o(locale$$data)
    __lcnum_c_thousands                      0x00001e06   Data           0  lc_numeric_c.o(locale$$data)
    __lcnum_c_grouping                       0x00001e07   Data           0  lc_numeric_c.o(locale$$data)
    __lcnum_c_end                            0x00001e08   Data           0  lc_numeric_c.o(locale$$data)
    .data                                    0x10000000   Section        4  system_lpc17xx.o(.data)
    .bss                                     0x10000004   Section       96  libspace.o(.bss)
    HEAP                                     0x10000068   Section        0  startup_lpc17xx.o(HEAP)
    STACK                                    0x10000068   Section      512  startup_lpc17xx.o(STACK)
    Heap_Mem                                 0x10000068   Data           0  startup_lpc17xx.o(HEAP)
    Stack_Mem                                0x10000068   Data         512  startup_lpc17xx.o(STACK)
    __initial_sp                             0x10000268   Data           0  startup_lpc17xx.o(STACK)

    Global Symbols

    Symbol Name                              Value     Ov Type        Size  Object(Section)

    BuildAttributes$$THM_ISAv4$P$D$K$B$S$PE$A:L22UL41UL21$X:L11$S22US41US21$IEEE1$IW$USESV6$~STKCKD$USESV7$~SHL$OTIME$ROPI$IEEEJ$EBA8$UX$STANDARDLIB$REQ8$PRES8$EABIv2 0x00000000   Number         0  anon$$obj.o ABSOLUTE
    __ARM_use_no_argv                        0x00000000   Number         0  led.o ABSOLUTE
    __Vectors                                0x00000000   Data           4  startup_lpc17xx.o(RESET)
    _printf_flags                            0x00000000   Number         0  printf_stubs.o ABSOLUTE
    _printf_return_value                     0x00000000   Number         0  printf_stubs.o ABSOLUTE
    _printf_sizespec                         0x00000000   Number         0  printf_stubs.o ABSOLUTE
    _printf_widthprec                        0x00000000   Number         0  printf_stubs.o ABSOLUTE
    __ARM_exceptions_init                     - Undefined Weak Reference
    __alloca_initialize                       - Undefined Weak Reference
    __cpp_initialize__aeabi_                  - Undefined Weak Reference
    __cxa_finalize                            - Undefined Weak Reference
    __sigvec_lookup                           - Undefined Weak Reference
    _atexit_init                              - Undefined Weak Reference
    _call_atexit_fns                          - Undefined Weak Reference
    _clock_init                               - Undefined Weak Reference
    _fp_trap_init                             - Undefined Weak Reference
    _fp_trap_shutdown                         - Undefined Weak Reference
    _get_lc_collate                           - Undefined Weak Reference
    _get_lc_ctype                             - Undefined Weak Reference
    _get_lc_monetary                          - Undefined Weak Reference
    _get_lc_time                              - Undefined Weak Reference
    _getenv_init                              - Undefined Weak Reference
    _handle_redirection                       - Undefined Weak Reference
    _init_alloc                               - Undefined Weak Reference
    _init_user_alloc                          - Undefined Weak Reference
    _initio                                   - Undefined Weak Reference
    _printf_truncate_unsigned                 - Undefined Weak Reference
    _rand_init                                - Undefined Weak Reference
    _signal_finish                            - Undefined Weak Reference
    _signal_init                              - Undefined Weak Reference
    _terminate_alloc                          - Undefined Weak Reference
    _terminate_user_alloc                     - Undefined Weak Reference
    _terminateio                              - Undefined Weak Reference
    __main                                   0x000000cd   Thumb Code     8  __main.o(!!!main)
    __scatterload                            0x000000d5   Thumb Code     0  __scatter.o(!!!scatter)
    __scatterload_rt2                        0x000000d5   Thumb Code    44  __scatter.o(!!!scatter)
    __scatterload_rt2_thumb_only             0x000000d5   Thumb Code     0  __scatter.o(!!!scatter)
    __scatterload_null                       0x000000e3   Thumb Code     0  __scatter.o(!!!scatter)
    __scatterload_copy                       0x00000109   Thumb Code    26  __scatter_copy.o(!!handler_copy)
    __scatterload_zeroinit                   0x00000125   Thumb Code    28  __scatter_zi.o(!!handler_zi)
    _printf_f                                0x00000141   Thumb Code     0  _printf_f.o(.ARM.Collect$$_printf_percent$$00000003)
    _printf_percent                          0x00000141   Thumb Code     0  _printf_percent.o(.ARM.Collect$$_printf_percent$$00000000)
    _printf_x                                0x00000147   Thumb Code     0  _printf_x.o(.ARM.Collect$$_printf_percent$$0000000C)
    _printf_percent_end                      0x0000014d   Thumb Code     0  _printf_percent_end.o(.ARM.Collect$$_printf_percent$$00000017)
    __rt_lib_init                            0x00000151   Thumb Code     0  libinit.o(.ARM.Collect$$libinit$$00000000)
    __rt_lib_init_fp_1                       0x00000153   Thumb Code     0  libinit2.o(.ARM.Collect$$libinit$$00000002)
    __rt_lib_init_heap_1                     0x00000153   Thumb Code     0  libinit2.o(.ARM.Collect$$libinit$$00000008)
    __rt_lib_init_lc_common                  0x00000153   Thumb Code     0  libinit2.o(.ARM.Collect$$libinit$$0000000D)
    __rt_lib_init_rand_1                     0x00000153   Thumb Code     0  libinit2.o(.ARM.Collect$$libinit$$0000000C)
    __rt_lib_init_user_alloc_1               0x00000153   Thumb Code     0  libinit2.o(.ARM.Collect$$libinit$$0000000A)
    __rt_lib_init_lc_collate_1               0x00000159   Thumb Code     0  libinit2.o(.ARM.Collect$$libinit$$0000000F)
    __rt_lib_init_lc_ctype_1                 0x00000159   Thumb Code     0  libinit2.o(.ARM.Collect$$libinit$$00000011)
    __rt_lib_init_lc_monetary_1              0x00000159   Thumb Code     0  libinit2.o(.ARM.Collect$$libinit$$00000013)
    __rt_lib_init_lc_numeric_2               0x00000159   Thumb Code     0  libinit2.o(.ARM.Collect$$libinit$$00000014)
    __rt_lib_init_alloca_1                   0x00000163   Thumb Code     0  libinit2.o(.ARM.Collect$$libinit$$0000002C)
    __rt_lib_init_argv_1                     0x00000163   Thumb Code     0  libinit2.o(.ARM.Collect$$libinit$$0000002A)
    __rt_lib_init_atexit_1                   0x00000163   Thumb Code     0  libinit2.o(.ARM.Collect$$libinit$$00000019)
    __rt_lib_init_clock_1                    0x00000163   Thumb Code     0  libinit2.o(.ARM.Collect$$libinit$$0000001F)
    __rt_lib_init_cpp_1                      0x00000163   Thumb Code     0  libinit2.o(.ARM.Collect$$libinit$$00000030)
    __rt_lib_init_exceptions_1               0x00000163   Thumb Code     0  libinit2.o(.ARM.Collect$$libinit$$0000002E)
    __rt_lib_init_fp_trap_1                  0x00000163   Thumb Code     0  libinit2.o(.ARM.Collect$$libinit$$0000001D)
    __rt_lib_init_getenv_1                   0x00000163   Thumb Code     0  libinit2.o(.ARM.Collect$$libinit$$00000021)
    __rt_lib_init_lc_numeric_1               0x00000163   Thumb Code     0  libinit2.o(.ARM.Collect$$libinit$$00000015)
    __rt_lib_init_lc_time_1                  0x00000163   Thumb Code     0  libinit2.o(.ARM.Collect$$libinit$$00000017)
    __rt_lib_init_return                     0x00000163   Thumb Code     0  libinit2.o(.ARM.Collect$$libinit$$00000031)
    __rt_lib_init_signal_1                   0x00000163   Thumb Code     0  libinit2.o(.ARM.Collect$$libinit$$0000001B)
    __rt_lib_init_stdio_1                    0x00000163   Thumb Code     0  libinit2.o(.ARM.Collect$$libinit$$00000023)
    __rt_lib_shutdown                        0x00000165   Thumb Code     0  libshutdown.o(.ARM.Collect$$libshutdown$$00000000)
    __rt_lib_shutdown_fp_trap_1              0x00000167   Thumb Code     0  libshutdown2.o(.ARM.Collect$$libshutdown$$00000006)
    __rt_lib_shutdown_heap_1                 0x00000167   Thumb Code     0  libshutdown2.o(.ARM.Collect$$libshutdown$$0000000E)
    __rt_lib_shutdown_return                 0x00000167   Thumb Code     0  libshutdown2.o(.ARM.Collect$$libshutdown$$0000000F)
    __rt_lib_shutdown_signal_1               0x00000167   Thumb Code     0  libshutdown2.o(.ARM.Collect$$libshutdown$$00000009)
    __rt_lib_shutdown_stdio_1                0x00000167   Thumb Code     0  libshutdown2.o(.ARM.Collect$$libshutdown$$00000003)
    __rt_lib_shutdown_user_alloc_1           0x00000167   Thumb Code     0  libshutdown2.o(.ARM.Collect$$libshutdown$$0000000B)
    __rt_entry                               0x00000169   Thumb Code     0  rtentry.o(.ARM.Collect$$rtentry$$00000000)
    __rt_entry_presh_1                       0x00000169   Thumb Code     0  rtentry2.o(.ARM.Collect$$rtentry$$00000002)
    __rt_entry_sh                            0x00000169   Thumb Code     0  rtentry4.o(.ARM.Collect$$rtentry$$00000004)
    __rt_entry_li                            0x0000016f   Thumb Code     0  rtentry2.o(.ARM.Collect$$rtentry$$0000000A)
    __rt_entry_postsh_1                      0x0000016f   Thumb Code     0  rtentry2.o(.ARM.Collect$$rtentry$$00000009)
    __rt_entry_main                          0x00000173   Thumb Code     0  rtentry2.o(.ARM.Collect$$rtentry$$0000000D)
    __rt_entry_postli_1                      0x00000173   Thumb Code     0  rtentry2.o(.ARM.Collect$$rtentry$$0000000C)
    __rt_exit                                0x0000017b   Thumb Code     0  rtexit.o(.ARM.Collect$$rtexit$$00000000)
    __rt_exit_ls                             0x0000017d   Thumb Code     0  rtexit2.o(.ARM.Collect$$rtexit$$00000003)
    __rt_exit_prels_1                        0x0000017d   Thumb Code     0  rtexit2.o(.ARM.Collect$$rtexit$$00000002)
    __rt_exit_exit                           0x00000181   Thumb Code     0  rtexit2.o(.ARM.Collect$$rtexit$$00000004)
    Reset_Handler                            0x00000189   Thumb Code     8  startup_lpc17xx.o(.text)
    NMI_Handler                              0x00000191   Thumb Code     2  startup_lpc17xx.o(.text)
    HardFault_Handler                        0x00000193   Thumb Code     2  startup_lpc17xx.o(.text)
    MemManage_Handler                        0x00000195   Thumb Code     2  startup_lpc17xx.o(.text)
    BusFault_Handler                         0x00000197   Thumb Code     2  startup_lpc17xx.o(.text)
    UsageFault_Handler                       0x00000199   Thumb Code     2  startup_lpc17xx.o(.text)
    SVC_Handler                              0x0000019b   Thumb Code     2  startup_lpc17xx.o(.text)
    DebugMon_Handler                         0x0000019d   Thumb Code     2  startup_lpc17xx.o(.text)
    PendSV_Handler                           0x0000019f   Thumb Code     2  startup_lpc17xx.o(.text)
    SysTick_Handler                          0x000001a1   Thumb Code     2  startup_lpc17xx.o(.text)
    ADC_IRQHandler                           0x000001a3   Thumb Code     0  startup_lpc17xx.o(.text)
    BOD_IRQHandler                           0x000001a3   Thumb Code     0  startup_lpc17xx.o(.text)
    CANActivity_IRQHandler                   0x000001a3   Thumb Code     0  startup_lpc17xx.o(.text)
    CAN_IRQHandler                           0x000001a3   Thumb Code     0  startup_lpc17xx.o(.text)
    DMA_IRQHandler                           0x000001a3   Thumb Code     0  startup_lpc17xx.o(.text)
    EINT0_IRQHandler                         0x000001a3   Thumb Code     0  startup_lpc17xx.o(.text)
    EINT1_IRQHandler                         0x000001a3   Thumb Code     0  startup_lpc17xx.o(.text)
    EINT2_IRQHandler                         0x000001a3   Thumb Code     0  startup_lpc17xx.o(.text)
    EINT3_IRQHandler                         0x000001a3   Thumb Code     0  startup_lpc17xx.o(.text)
    ENET_IRQHandler                          0x000001a3   Thumb Code     0  startup_lpc17xx.o(.text)
    I2C0_IRQHandler                          0x000001a3   Thumb Code     0  startup_lpc17xx.o(.text)
    I2C1_IRQHandler                          0x000001a3   Thumb Code     0  startup_lpc17xx.o(.text)
    I2C2_IRQHandler                          0x000001a3   Thumb Code     0  startup_lpc17xx.o(.text)
    I2S_IRQHandler                           0x000001a3   Thumb Code     0  startup_lpc17xx.o(.text)
    MCPWM_IRQHandler                         0x000001a3   Thumb Code     0  startup_lpc17xx.o(.text)
    PLL0_IRQHandler                          0x000001a3   Thumb Code     0  startup_lpc17xx.o(.text)
    PLL1_IRQHandler                          0x000001a3   Thumb Code     0  startup_lpc17xx.o(.text)
    PWM1_IRQHandler                          0x000001a3   Thumb Code     0  startup_lpc17xx.o(.text)
    QEI_IRQHandler                           0x000001a3   Thumb Code     0  startup_lpc17xx.o(.text)
    RIT_IRQHandler                           0x000001a3   Thumb Code     0  startup_lpc17xx.o(.text)
    RTC_IRQHandler                           0x000001a3   Thumb Code     0  startup_lpc17xx.o(.text)
    SPI_IRQHandler                           0x000001a3   Thumb Code     0  startup_lpc17xx.o(.text)
    SSP0_IRQHandler                          0x000001a3   Thumb Code     0  startup_lpc17xx.o(.text)
    SSP1_IRQHandler                          0x000001a3   Thumb Code     0  startup_lpc17xx.o(.text)
    TIMER0_IRQHandler                        0x000001a3   Thumb Code     0  startup_lpc17xx.o(.text)
    TIMER1_IRQHandler                        0x000001a3   Thumb Code     0  startup_lpc17xx.o(.text)
    TIMER2_IRQHandler                        0x000001a3   Thumb Code     0  startup_lpc17xx.o(.text)
    TIMER3_IRQHandler                        0x000001a3   Thumb Code     0  startup_lpc17xx.o(.text)
    UART0_IRQHandler                         0x000001a3   Thumb Code     0  startup_lpc17xx.o(.text)
    UART1_IRQHandler                         0x000001a3   Thumb Code     0  startup_lpc17xx.o(.text)
    UART2_IRQHandler                         0x000001a3   Thumb Code     0  startup_lpc17xx.o(.text)
    UART3_IRQHandler                         0x000001a3   Thumb Code     0  startup_lpc17xx.o(.text)
    USBActivity_IRQHandler                   0x000001a3   Thumb Code     0  startup_lpc17xx.o(.text)
    USB_IRQHandler                           0x000001a3   Thumb Code     0  startup_lpc17xx.o(.text)
    WDT_IRQHandler                           0x000001a3   Thumb Code     0  startup_lpc17xx.o(.text)
    __user_initial_stackheap                 0x000001a5   Thumb Code     0  startup_lpc17xx.o(.text)
    __aeabi_uldivmod                         0x000001c5   Thumb Code     0  lludivv7m.o(.text)
    _ll_udiv                                 0x000001c5   Thumb Code   238  lludivv7m.o(.text)
    __2sprintf                               0x000002b5   Thumb Code    34  noretval__2sprintf.o(.text)
    __use_two_region_memory                  0x000002dd   Thumb Code     2  heapauxi.o(.text)
    __rt_heap_escrow$2region                 0x000002df   Thumb Code     2  heapauxi.o(.text)
    __rt_heap_expand$2region                 0x000002e1   Thumb Code     2  heapauxi.o(.text)
    _sputc                                   0x000002e3   Thumb Code    10  _sputc.o(.text)
    __rt_locale                              0x000002ed   Thumb Code     8  rt_locale_intlibspace.o(.text)
    __user_libspace                          0x000002f5   Thumb Code     8  libspace.o(.text)
    __user_perproc_libspace                  0x000002f5   Thumb Code     0  libspace.o(.text)
    __user_perthread_libspace                0x000002f5   Thumb Code     0  libspace.o(.text)
    SystemCoreClockUpdate                    0x00000301   Thumb Code   424  system_lpc17xx.o(.text)
    SystemInit                               0x000004a9   Thumb Code   100  system_lpc17xx.o(.text)
    delay_lcd                                0x00000541   Thumb Code    12  led.o(.text)
    clear_ports                              0x0000054d   Thumb Code    20  led.o(.text)
    write                                    0x00000561   Thumb Code    58  led.o(.text)
    lcd_comdata                              0x0000059b   Thumb Code    44  led.o(.text)
    lcd_init                                 0x000005c7   Thumb Code   136  led.o(.text)
    lcd_puts                                 0x0000064f   Thumb Code    40  led.o(.text)
    main                                     0x00000677   Thumb Code   298  led.o(.text)
    _printf_pre_padding                      0x000007ed   Thumb Code    46  _printf_pad.o(.text)
    _printf_post_padding                     0x0000081b   Thumb Code    36  _printf_pad.o(.text)
    _printf_int_hex                          0x00000841   Thumb Code    88  _printf_hex_int.o(.text)
    _printf_longlong_hex                     0x00000841   Thumb Code     0  _printf_hex_int.o(.text)
    __printf                                 0x0000089d   Thumb Code   270  __printf_wp.o(.text)
    _printf_int_common                       0x000009ab   Thumb Code   184  _printf_intcommon.o(.text)
    __lib_sel_fp_printf                      0x00000a63   Thumb Code     2  _printf_fp_dec.o(.text)
    _printf_fp_dec_real                      0x00000c0f   Thumb Code   628  _printf_fp_dec.o(.text)
    _printf_char_common                      0x00000e8f   Thumb Code    32  _printf_char_common.o(.text)
    _ll_udiv10                               0x00000eb5   Thumb Code   138  lludiv10.o(.text)
    _printf_fp_infnan                        0x00000f41   Thumb Code   112  _printf_fp_infnan.o(.text)
    _btod_etento                             0x00000fc1   Thumb Code   222  bigflt0.o(.text)
    __user_setup_stackheap                   0x000010a5   Thumb Code    74  sys_stackheap_outer.o(.text)
    exit                                     0x000010ef   Thumb Code    12  exit.o(.text)
    strcmp                                   0x000010fd   Thumb Code   128  strcmpv7m.o(.text)
    _sys_exit                                0x0000117d   Thumb Code     8  sys_exit.o(.text)
    __I$use$semihosting                      0x00001189   Thumb Code     0  use_no_semi.o(.text)
    __use_no_semihosting_swi                 0x00001189   Thumb Code     2  use_no_semi.o(.text)
    __semihosting_library_function           0x0000118b   Thumb Code     0  indicate_semi.o(.text)
    _btod_d2e                                0x0000118b   Thumb Code    62  btod.o(CL$$btod_d2e)
    _d2e_denorm_low                          0x000011c9   Thumb Code    70  btod.o(CL$$btod_d2e_denorm_low)
    _d2e_norm_op1                            0x0000120f   Thumb Code    96  btod.o(CL$$btod_d2e_norm_op1)
    __btod_div_common                        0x0000126f   Thumb Code   696  btod.o(CL$$btod_div_common)
    _e2e                                     0x000015a7   Thumb Code   198  btod.o(CL$$btod_e2e)
    _btod_ediv                               0x0000166d   Thumb Code    40  btod.o(CL$$btod_ediv)
    _btod_emul                               0x00001695   Thumb Code    40  btod.o(CL$$btod_emul)
    __btod_mult_common                       0x000016bd   Thumb Code   580  btod.o(CL$$btod_mult_common)
    __ARM_fpclassify                         0x00001901   Thumb Code    40  fpclassify.o(i.__ARM_fpclassify)
    _is_digit                                0x00001929   Thumb Code    14  __printf_wp.o(i._is_digit)
    _get_lc_numeric                          0x00001939   Thumb Code    44  lc_numeric_c.o(locale$$code)
    __fpl_dretinf                            0x00001965   Thumb Code    12  dretinf.o(x$fpl$dretinf)
    __aeabi_f2d                              0x00001971   Thumb Code     0  f2d.o(x$fpl$f2d)
    _f2d                                     0x00001971   Thumb Code    86  f2d.o(x$fpl$f2d)
    __aeabi_fdiv                             0x000019c9   Thumb Code     0  fdiv.o(x$fpl$fdiv)
    _fdiv                                    0x000019c9   Thumb Code   384  fdiv.o(x$fpl$fdiv)
    __aeabi_ui2f                             0x00001b4d   Thumb Code     0  fflt_clz.o(x$fpl$ffltu)
    _ffltu                                   0x00001b4d   Thumb Code    38  fflt_clz.o(x$fpl$ffltu)
    __aeabi_fmul                             0x00001b75   Thumb Code     0  fmul.o(x$fpl$fmul)
    _fmul                                    0x00001b75   Thumb Code   258  fmul.o(x$fpl$fmul)
    __fpl_fnaninf                            0x00001c77   Thumb Code   140  fnaninf.o(x$fpl$fnaninf)
    __fpl_fretinf                            0x00001d03   Thumb Code    10  fretinf.o(x$fpl$fretinf)
    _printf_fp_dec                           0x00001d0d   Thumb Code     4  printf1.o(x$fpl$printf1)
    __I$use$fp                               0x00001d10   Number         0  usenofp.o(x$fpl$usenofp)
    Region$$Table$$Base                      0x00001dcc   Number         0  anon$$obj.o(Region$$Table)
    Region$$Table$$Limit                     0x00001dec   Number         0  anon$$obj.o(Region$$Table)
    SystemCoreClock                          0x10000000   Data           4  system_lpc17xx.o(.data)
    __libspace_start                         0x10000004   Data          96  libspace.o(.bss)
    __temporary_stack_top$libspace           0x10000064   Data           0  libspace.o(.bss)



==============================================================================

Memory Map of the image

  Image Entry point : 0x000000cd

  Load Region LR_IROM1 (Base: 0x00000000, Size: 0x00001e0c, Max: 0x00080000, ABSOLUTE)

    Execution Region ER_IROM1 (Base: 0x00000000, Size: 0x00001e08, Max: 0x00080000, ABSOLUTE)

    Base Addr    Size         Type   Attr      Idx    E Section Name        Object

    0x00000000   0x000000cc   Data   RO            3    RESET               startup_lpc17xx.o
    0x000000cc   0x00000008   Code   RO          145  * !!!main             c_w.l(__main.o)
    0x000000d4   0x00000034   Code   RO          386    !!!scatter          c_w.l(__scatter.o)
    0x00000108   0x0000001a   Code   RO          388    !!handler_copy      c_w.l(__scatter_copy.o)
    0x00000122   0x00000002   PAD
    0x00000124   0x0000001c   Code   RO          390    !!handler_zi        c_w.l(__scatter_zi.o)
    0x00000140   0x00000000   Code   RO          142    .ARM.Collect$$_printf_percent$$00000000  c_w.l(_printf_percent.o)
    0x00000140   0x00000006   Code   RO          141    .ARM.Collect$$_printf_percent$$00000003  c_w.l(_printf_f.o)
    0x00000146   0x00000006   Code   RO          140    .ARM.Collect$$_printf_percent$$0000000C  c_w.l(_printf_x.o)
    0x0000014c   0x00000004   Code   RO          176    .ARM.Collect$$_printf_percent$$00000017  c_w.l(_printf_percent_end.o)
    0x00000150   0x00000002   Code   RO          262    .ARM.Collect$$libinit$$00000000  c_w.l(libinit.o)
    0x00000152   0x00000000   Code   RO          264    .ARM.Collect$$libinit$$00000002  c_w.l(libinit2.o)
    0x00000152   0x00000000   Code   RO          267    .ARM.Collect$$libinit$$00000008  c_w.l(libinit2.o)
    0x00000152   0x00000000   Code   RO          269    .ARM.Collect$$libinit$$0000000A  c_w.l(libinit2.o)
    0x00000152   0x00000000   Code   RO          271    .ARM.Collect$$libinit$$0000000C  c_w.l(libinit2.o)
    0x00000152   0x00000006   Code   RO          272    .ARM.Collect$$libinit$$0000000D  c_w.l(libinit2.o)
    0x00000158   0x00000000   Code   RO          274    .ARM.Collect$$libinit$$0000000F  c_w.l(libinit2.o)
    0x00000158   0x00000000   Code   RO          276    .ARM.Collect$$libinit$$00000011  c_w.l(libinit2.o)
    0x00000158   0x00000000   Code   RO          278    .ARM.Collect$$libinit$$00000013  c_w.l(libinit2.o)
    0x00000158   0x0000000a   Code   RO          279    .ARM.Collect$$libinit$$00000014  c_w.l(libinit2.o)
    0x00000162   0x00000000   Code   RO          280    .ARM.Collect$$libinit$$00000015  c_w.l(libinit2.o)
    0x00000162   0x00000000   Code   RO          282    .ARM.Collect$$libinit$$00000017  c_w.l(libinit2.o)
    0x00000162   0x00000000   Code   RO          284    .ARM.Collect$$libinit$$00000019  c_w.l(libinit2.o)
    0x00000162   0x00000000   Code   RO          286    .ARM.Collect$$libinit$$0000001B  c_w.l(libinit2.o)
    0x00000162   0x00000000   Code   RO          288    .ARM.Collect$$libinit$$0000001D  c_w.l(libinit2.o)
    0x00000162   0x00000000   Code   RO          290    .ARM.Collect$$libinit$$0000001F  c_w.l(libinit2.o)
    0x00000162   0x00000000   Code   RO          292    .ARM.Collect$$libinit$$00000021  c_w.l(libinit2.o)
    0x00000162   0x00000000   Code   RO          294    .ARM.Collect$$libinit$$00000023  c_w.l(libinit2.o)
    0x00000162   0x00000000   Code   RO          298    .ARM.Collect$$libinit$$0000002A  c_w.l(libinit2.o)
    0x00000162   0x00000000   Code   RO          300    .ARM.Collect$$libinit$$0000002C  c_w.l(libinit2.o)
    0x00000162   0x00000000   Code   RO          302    .ARM.Collect$$libinit$$0000002E  c_w.l(libinit2.o)
    0x00000162   0x00000000   Code   RO          304    .ARM.Collect$$libinit$$00000030  c_w.l(libinit2.o)
    0x00000162   0x00000002   Code   RO          305    .ARM.Collect$$libinit$$00000031  c_w.l(libinit2.o)
    0x00000164   0x00000002   Code   RO          352    .ARM.Collect$$libshutdown$$00000000  c_w.l(libshutdown.o)
    0x00000166   0x00000000   Code   RO          371    .ARM.Collect$$libshutdown$$00000003  c_w.l(libshutdown2.o)
    0x00000166   0x00000000   Code   RO          374    .ARM.Collect$$libshutdown$$00000006  c_w.l(libshutdown2.o)
    0x00000166   0x00000000   Code   RO          377    .ARM.Collect$$libshutdown$$00000009  c_w.l(libshutdown2.o)
    0x00000166   0x00000000   Code   RO          379    .ARM.Collect$$libshutdown$$0000000B  c_w.l(libshutdown2.o)
    0x00000166   0x00000000   Code   RO          382    .ARM.Collect$$libshutdown$$0000000E  c_w.l(libshutdown2.o)
    0x00000166   0x00000002   Code   RO          383    .ARM.Collect$$libshutdown$$0000000F  c_w.l(libshutdown2.o)
    0x00000168   0x00000000   Code   RO          163    .ARM.Collect$$rtentry$$00000000  c_w.l(rtentry.o)
    0x00000168   0x00000000   Code   RO          185    .ARM.Collect$$rtentry$$00000002  c_w.l(rtentry2.o)
    0x00000168   0x00000006   Code   RO          197    .ARM.Collect$$rtentry$$00000004  c_w.l(rtentry4.o)
    0x0000016e   0x00000000   Code   RO          187    .ARM.Collect$$rtentry$$00000009  c_w.l(rtentry2.o)
    0x0000016e   0x00000004   Code   RO          188    .ARM.Collect$$rtentry$$0000000A  c_w.l(rtentry2.o)
    0x00000172   0x00000000   Code   RO          190    .ARM.Collect$$rtentry$$0000000C  c_w.l(rtentry2.o)
    0x00000172   0x00000008   Code   RO          191    .ARM.Collect$$rtentry$$0000000D  c_w.l(rtentry2.o)
    0x0000017a   0x00000002   Code   RO          306    .ARM.Collect$$rtexit$$00000000  c_w.l(rtexit.o)
    0x0000017c   0x00000000   Code   RO          321    .ARM.Collect$$rtexit$$00000002  c_w.l(rtexit2.o)
    0x0000017c   0x00000004   Code   RO          322    .ARM.Collect$$rtexit$$00000003  c_w.l(rtexit2.o)
    0x00000180   0x00000006   Code   RO          323    .ARM.Collect$$rtexit$$00000004  c_w.l(rtexit2.o)
    0x00000186   0x00000002   PAD
    0x00000188   0x0000003c   Code   RO            5    .text               startup_lpc17xx.o
    0x000001c4   0x000000ee   Code   RO           89    .text               c_w.l(lludivv7m.o)
    0x000002b2   0x00000002   PAD
    0x000002b4   0x00000028   Code   RO           93    .text               c_w.l(noretval__2sprintf.o)
    0x000002dc   0x00000006   Code   RO          143    .text               c_w.l(heapauxi.o)
    0x000002e2   0x0000000a   Code   RO          174    .text               c_w.l(_sputc.o)
    0x000002ec   0x00000008   Code   RO          204    .text               c_w.l(rt_locale_intlibspace.o)
    0x000002f4   0x00000008   Code   RO          244    .text               c_w.l(libspace.o)
    0x000002fc   0x00000004   Code   RO            4    .ARM.__at_0x02FC    startup_lpc17xx.o
    0x00000300   0x00000240   Code   RO           15    .text               system_lpc17xx.o
    0x00000540   0x000002ac   Code   RO           58    .text               led.o
    0x000007ec   0x00000052   Code   RO           97    .text               c_w.l(_printf_pad.o)
    0x0000083e   0x00000002   PAD
    0x00000840   0x0000005c   Code   RO          102    .text               c_w.l(_printf_hex_int.o)
    0x0000089c   0x0000010e   Code   RO          128    .text               c_w.l(__printf_wp.o)
    0x000009aa   0x000000b8   Code   RO          168    .text               c_w.l(_printf_intcommon.o)
    0x00000a62   0x00000420   Code   RO          170    .text               c_w.l(_printf_fp_dec.o)
    0x00000e82   0x00000002   PAD
    0x00000e84   0x00000030   Code   RO          172    .text               c_w.l(_printf_char_common.o)
    0x00000eb4   0x0000008a   Code   RO          206    .text               c_w.l(lludiv10.o)
    0x00000f3e   0x00000002   PAD
    0x00000f40   0x00000080   Code   RO          208    .text               c_w.l(_printf_fp_infnan.o)
    0x00000fc0   0x000000e4   Code   RO          212    .text               c_w.l(bigflt0.o)
    0x000010a4   0x0000004a   Code   RO          247    .text               c_w.l(sys_stackheap_outer.o)
    0x000010ee   0x0000000c   Code   RO          249    .text               c_w.l(exit.o)
    0x000010fa   0x00000002   PAD
    0x000010fc   0x00000080   Code   RO          255    .text               c_w.l(strcmpv7m.o)
    0x0000117c   0x0000000c   Code   RO          318    .text               c_w.l(sys_exit.o)
    0x00001188   0x00000002   Code   RO          339    .text               c_w.l(use_no_semi.o)
    0x0000118a   0x00000000   Code   RO          341    .text               c_w.l(indicate_semi.o)
    0x0000118a   0x0000003e   Code   RO          215    CL$$btod_d2e        c_w.l(btod.o)
    0x000011c8   0x00000046   Code   RO          217    CL$$btod_d2e_denorm_low  c_w.l(btod.o)
    0x0000120e   0x00000060   Code   RO          216    CL$$btod_d2e_norm_op1  c_w.l(btod.o)
    0x0000126e   0x00000338   Code   RO          225    CL$$btod_div_common  c_w.l(btod.o)
    0x000015a6   0x000000c6   Code   RO          222    CL$$btod_e2e        c_w.l(btod.o)
    0x0000166c   0x00000028   Code   RO          219    CL$$btod_ediv       c_w.l(btod.o)
    0x00001694   0x00000028   Code   RO          218    CL$$btod_emul       c_w.l(btod.o)
    0x000016bc   0x00000244   Code   RO          224    CL$$btod_mult_common  c_w.l(btod.o)
    0x00001900   0x00000028   Code   RO          242    i.__ARM_fpclassify  m_ws.l(fpclassify.o)
    0x00001928   0x0000000e   Code   RO          130    i._is_digit         c_w.l(__printf_wp.o)
    0x00001936   0x00000002   PAD
    0x00001938   0x0000002c   Code   RO          238    locale$$code        c_w.l(lc_numeric_c.o)
    0x00001964   0x0000000c   Code   RO          177    x$fpl$dretinf       fz_ws.l(dretinf.o)
    0x00001970   0x00000056   Code   RO          147    x$fpl$f2d           fz_ws.l(f2d.o)
    0x000019c6   0x00000002   PAD
    0x000019c8   0x00000184   Code   RO          150    x$fpl$fdiv          fz_ws.l(fdiv.o)
    0x00001b4c   0x00000026   Code   RO          153    x$fpl$ffltu         fz_ws.l(fflt_clz.o)
    0x00001b72   0x00000002   PAD
    0x00001b74   0x00000102   Code   RO          159    x$fpl$fmul          fz_ws.l(fmul.o)
    0x00001c76   0x0000008c   Code   RO          179    x$fpl$fnaninf       fz_ws.l(fnaninf.o)
    0x00001d02   0x0000000a   Code   RO          181    x$fpl$fretinf       fz_ws.l(fretinf.o)
    0x00001d0c   0x00000004   Code   RO          161    x$fpl$printf1       fz_ws.l(printf1.o)
    0x00001d10   0x00000000   Code   RO          183    x$fpl$usenofp       fz_ws.l(usenofp.o)
    0x00001d10   0x00000028   Data   RO          103    .constdata          c_w.l(_printf_hex_int.o)
    0x00001d38   0x00000094   Data   RO          213    .constdata          c_w.l(bigflt0.o)
    0x00001dcc   0x00000020   Data   RO          384    Region$$Table       anon$$obj.o
    0x00001dec   0x0000001c   Data   RO          237    locale$$data        c_w.l(lc_numeric_c.o)


    Execution Region RW_IRAM1 (Base: 0x10000000, Size: 0x00000268, Max: 0x00008000, ABSOLUTE)

    Base Addr    Size         Type   Attr      Idx    E Section Name        Object

    0x10000000   0x00000004   Data   RW           16    .data               system_lpc17xx.o
    0x10000004   0x00000060   Zero   RW          245    .bss                c_w.l(libspace.o)
    0x10000064   0x00000004   PAD
    0x10000068   0x00000000   Zero   RW            2    HEAP                startup_lpc17xx.o
    0x10000068   0x00000200   Zero   RW            1    STACK               startup_lpc17xx.o


==============================================================================

Image component sizes


      Code (inc. data)   RO Data    RW Data    ZI Data      Debug   Object Name

       684         76          0          0          0       1873   led.o
        64         26        204          0        512        896   startup_lpc17xx.o
       576         52          0          4          0       5077   system_lpc17xx.o

    ----------------------------------------------------------------------
      1324        154        236          4        512       7846   Object Totals
         0          0         32          0          0          0   (incl. Generated)
         0          0          0          0          0          0   (incl. Padding)

    ----------------------------------------------------------------------

      Code (inc. data)   RO Data    RW Data    ZI Data      Debug   Library Member Name

         8          0          0          0          0         68   __main.o
       284          0          0          0          0        156   __printf_wp.o
        52          8          0          0          0          0   __scatter.o
        26          0          0          0          0          0   __scatter_copy.o
        28          0          0          0          0          0   __scatter_zi.o
        48          6          0          0          0         96   _printf_char_common.o
         6          0          0          0          0          0   _printf_f.o
      1056          0          0          0          0        216   _printf_fp_dec.o
       128         16          0          0          0         84   _printf_fp_infnan.o
        92          4         40          0          0         88   _printf_hex_int.o
       184          0          0          0          0         88   _printf_intcommon.o
        82          0          0          0          0        108   _printf_pad.o
         0          0          0          0          0          0   _printf_percent.o
         4          0          0          0          0          0   _printf_percent_end.o
         6          0          0          0          0          0   _printf_x.o
        10          0          0          0          0         68   _sputc.o
       228          6        148          0          0         96   bigflt0.o
      1910        128          0          0          0        672   btod.o
        12          0          0          0          0         72   exit.o
         6          0          0          0          0        152   heapauxi.o
         0          0          0          0          0          0   indicate_semi.o
        44         10         28          0          0         76   lc_numeric_c.o
         2          0          0          0          0          0   libinit.o
        18          0          0          0          0          0   libinit2.o
         2          0          0          0          0          0   libshutdown.o
         2          0          0          0          0          0   libshutdown2.o
         8          4          0          0         96         68   libspace.o
       138          0          0          0          0         80   lludiv10.o
       238          0          0          0          0        100   lludivv7m.o
        40          6          0          0          0         84   noretval__2sprintf.o
         8          4          0          0          0         68   rt_locale_intlibspace.o
         0          0          0          0          0          0   rtentry.o
        12          0          0          0          0          0   rtentry2.o
         6          0          0          0          0          0   rtentry4.o
         2          0          0          0          0          0   rtexit.o
        10          0          0          0          0          0   rtexit2.o
       128          0          0          0          0         68   strcmpv7m.o
        12          4          0          0          0         68   sys_exit.o
        74          0          0          0          0         80   sys_stackheap_outer.o
         2          0          0          0          0         68   use_no_semi.o
        12          0          0          0          0         68   dretinf.o
        86          4          0          0          0         84   f2d.o
       388         76          0          0          0         96   fdiv.o
        38          0          0          0          0         68   fflt_clz.o
       258          4          0          0          0         84   fmul.o
       140          4          0          0          0         84   fnaninf.o
        10          0          0          0          0         68   fretinf.o
         4          0          0          0          0         68   printf1.o
         0          0          0          0          0          0   usenofp.o
        40          0          0          0          0         68   fpclassify.o

    ----------------------------------------------------------------------
      5912        284        216          0        100       3412   Library Totals
        20          0          0          0          4          0   (incl. Padding)

    ----------------------------------------------------------------------

      Code (inc. data)   RO Data    RW Data    ZI Data      Debug   Library Name

      4916        196        216          0         96       2724   c_w.l
       936         88          0          0          0        620   fz_ws.l
        40          0          0          0          0         68   m_ws.l

    ----------------------------------------------------------------------
      5912        284        216          0        100       3412   Library Totals

    ----------------------------------------------------------------------

==============================================================================


      Code (inc. data)   RO Data    RW Data    ZI Data      Debug   

      7236        438        452          4        612       9022   Grand Totals
      7236        438        452          4        612       9022   ELF Image Totals
      7236        438        452          4          0          0   ROM Totals

==============================================================================

    Total RO  Size (Code + RO Data)                 7688 (   7.51kB)
    Total RW  Size (RW Data + ZI Data)               616 (   0.60kB)
    Total ROM Size (Code + RO Data + RW Data)       7692 (   7.51kB)

==============================================================================

