<html>
<body>
<pre>
<h1>µVision Build Log</h1>
<h2>Project:</h2>
C:\Users\student\Desktop\esl\lab9\adc\sample.uvproj
Project File Date:  04/12/2023

<h2>Output:</h2>
Build target 'Target 1'
compiling led.c...
lcdfn.h(76): warning:  #1-D: last line of file ends without a newline
  }
led.c(45): warning:  #167-D: argument of type "unsigned char *" is incompatible with parameter of type "char *restrict"
                sprintf(vtg, "%3.2fV", in_vtg);
led.c(48): warning:  #167-D: argument of type "unsigned char *" is incompatible with parameter of type "char *restrict"
                sprintf(dval, "%x", adc_temp);
led.c(65): warning:  #1-D: last line of file ends without a newline
  }
led.c: 4 warnings, 0 errors
linking...
Program Size: Code=7236 RO-data=452 RW-data=4 ZI-data=612  
FromELF: creating hex file...
".\sample.axf" - 0 Error(s), 4 Warning(s).
</pre>
</body>
</html>
